gen    1  score   -6.34  contact  5.7%  returned-in  0.0%  [no-contact=483 returned-in=0 returned-out=9 into-net=19 own-half=1]      1s
gen  100  score    5.61  contact 53.1%  returned-in 25.4%  [no-contact=240 returned-in=130 returned-out=44 into-net=73 own-half=25]     28s
gen  200  score    8.98  contact 65.4%  returned-in 35.5%  [no-contact=177 returned-in=182 returned-out=38 into-net=75 own-half=40]     64s
gen  300  score    9.06  contact 61.5%  returned-in 35.7%  [no-contact=197 returned-in=183 returned-out=28 into-net=69 own-half=35]     96s
gen  400  score    8.87  contact 59.8%  returned-in 34.0%  [no-contact=206 returned-in=174 returned-out=19 into-net=77 own-half=36]    115s
gen  500  score    8.67  contact 61.3%  returned-in 33.8%  [no-contact=198 returned-in=173 returned-out=27 into-net=70 own-half=44]    149s
gen  600  score    9.16  contact 64.6%  returned-in 35.9%  [no-contact=181 returned-in=184 returned-out=34 into-net=71 own-half=42]    180s
gen  700  score    8.88  contact 63.3%  returned-in 34.4%  [no-contact=188 returned-in=176 returned-out=37 into-net=65 own-half=46]    215s
gen  800  score   10.36  contact 68.2%  returned-in 39.3%  [no-contact=163 returned-in=201 returned-out=40 into-net=67 own-half=41]    243s
gen  900  score    8.45  contact 61.3%  returned-in 32.2%  [no-contact=198 returned-in=165 returned-out=26 into-net=74 own-half=49]    286s
gen 1000  score    9.26  contact 66.0%  returned-in 34.2%  [no-contact=174 returned-in=175 returned-out=41 into-net=70 own-half=52]    328s
gen 1100  score   10.05  contact 67.2%  returned-in 35.7%  [no-contact=168 returned-in=183 returned-out=31 into-net=84 own-half=46]    377s
gen 1200  score   10.38  contact 71.3%  returned-in 35.9%  [no-contact=147 returned-in=184 returned-out=40 into-net=89 own-half=52]    429s
gen 1300  score   10.38  contact 73.8%  returned-in 34.8%  [no-contact=134 returned-in=178 returned-out=40 into-net=110 own-half=50]    474s
gen 1400  score    9.99  contact 71.7%  returned-in 33.8%  [no-contact=145 returned-in=173 returned-out=38 into-net=90 own-half=66]    520s
gen 1500  score    9.95  contact 70.1%  returned-in 34.6%  [no-contact=153 returned-in=177 returned-out=28 into-net=82 own-half=72]    563s
gen 1600  score   10.24  contact 68.9%  returned-in 36.9%  [no-contact=159 returned-in=189 returned-out=32 into-net=77 own-half=55]    600s
gen 1700  score    8.56  contact 71.5%  returned-in 28.1%  [no-contact=146 returned-in=144 returned-out=64 into-net=78 own-half=80]    635s
gen 1800  score    8.88  contact 66.2%  returned-in 33.0%  [no-contact=173 returned-in=169 returned-out=55 into-net=67 own-half=48]    667s
gen 1900  score    9.72  contact 68.4%  returned-in 36.1%  [no-contact=162 returned-in=185 returned-out=38 into-net=76 own-half=51]    697s
gen 2000  score    9.84  contact 66.6%  returned-in 36.5%  [no-contact=171 returned-in=187 returned-out=52 into-net=73 own-half=29]    743s
gen 2100  score   11.00  contact 72.1%  returned-in 40.2%  [no-contact=143 returned-in=206 returned-out=52 into-net=79 own-half=32]    787s
gen 2200  score   11.07  contact 77.3%  returned-in 35.9%  [no-contact=116 returned-in=184 returned-out=64 into-net=95 own-half=53]    839s
gen 2300  score   10.59  contact 74.8%  returned-in 36.5%  [no-contact=129 returned-in=187 returned-out=44 into-net=84 own-half=68]    885s
