gen    1  score   -6.58  contact  3.3%  returned-in  0.0%  [no-contact=495 returned-in=0 returned-out=8 into-net=7 own-half=2]      1s
gen  100  score    4.52  contact 58.6%  returned-in 19.9%  [no-contact=212 returned-in=102 returned-out=89 into-net=32 own-half=77]     42s
gen  200  score    6.64  contact 63.1%  returned-in 28.7%  [no-contact=189 returned-in=147 returned-out=96 into-net=19 own-half=61]     91s
gen  300  score    5.97  contact 62.7%  returned-in 26.2%  [no-contact=191 returned-in=134 returned-out=84 into-net=10 own-half=93]    144s
gen  400  score    4.92  contact 62.3%  returned-in 21.7%  [no-contact=193 returned-in=111 returned-out=153 into-net=10 own-half=45]    198s
gen  500  score    5.64  contact 64.3%  returned-in 23.4%  [no-contact=183 returned-in=120 returned-out=121 into-net=7 own-half=81]    250s
gen  600  score    6.01  contact 69.5%  returned-in 22.5%  [no-contact=156 returned-in=115 returned-out=168 into-net=12 own-half=61]    306s
gen  700  score    6.55  contact 67.4%  returned-in 26.8%  [no-contact=167 returned-in=137 returned-out=124 into-net=7 own-half=77]    361s
gen  800  score    6.16  contact 71.1%  returned-in 23.4%  [no-contact=148 returned-in=120 returned-out=159 into-net=5 own-half=80]    413s
gen  900  score    8.01  contact 69.3%  returned-in 32.0%  [no-contact=157 returned-in=164 returned-out=111 into-net=10 own-half=70]    471s
gen 1000  score    8.26  contact 77.1%  returned-in 30.7%  [no-contact=117 returned-in=157 returned-out=163 into-net=9 own-half=66]    531s
gen 1100  score    7.65  contact 72.7%  returned-in 29.9%  [no-contact=140 returned-in=153 returned-out=148 into-net=13 own-half=58]    593s
gen 1200  score    5.59  contact 69.1%  returned-in 20.9%  [no-contact=158 returned-in=107 returned-out=184 into-net=6 own-half=57]    648s
gen 1300  score    6.15  contact 74.8%  returned-in 21.7%  [no-contact=129 returned-in=111 returned-out=193 into-net=7 own-half=72]    703s
gen 1400  score    7.52  contact 72.1%  returned-in 29.1%  [no-contact=143 returned-in=149 returned-out=138 into-net=17 own-half=65]    755s
gen 1500  score    6.69  contact 80.3%  returned-in 22.3%  [no-contact=101 returned-in=114 returned-out=167 into-net=13 own-half=117]    811s
gen 1600  score    6.65  contact 72.9%  returned-in 25.2%  [no-contact=139 returned-in=129 returned-out=145 into-net=13 own-half=86]    864s
gen 1700  score    6.71  contact 74.0%  returned-in 24.6%  [no-contact=133 returned-in=126 returned-out=173 into-net=8 own-half=72]    915s
gen 1800  score    5.66  contact 70.9%  returned-in 21.5%  [no-contact=149 returned-in=110 returned-out=135 into-net=16 own-half=102]    970s
gen 1900  score    7.75  contact 68.2%  returned-in 31.4%  [no-contact=163 returned-in=161 returned-out=120 into-net=17 own-half=51]   1026s
gen 2000  score    6.71  contact 69.3%  returned-in 26.6%  [no-contact=157 returned-in=136 returned-out=157 into-net=9 own-half=53]   1083s
gen 2100  score    6.54  contact 73.2%  returned-in 23.4%  [no-contact=137 returned-in=120 returned-out=193 into-net=14 own-half=48]   1136s
gen 2200  score    4.98  contact 66.0%  returned-in 20.5%  [no-contact=174 returned-in=105 returned-out=127 into-net=11 own-half=95]   1190s
